Warning: Overriding benchmark with False
Warning: Overriding epochs with 1000
Warning: Overriding algorithm with FedSGD
Warning: Overriding sample_rate with 0.1
Warning: Overriding learning_rate with 0.05
Warning: Overriding model with simplecnn
Warning: Overriding dataset with MNIST
Warning: Overriding distribution with iid
Warning: Overriding gpu_idx with [0]
Using device: cuda:0
Traceback (most recent call last):
  File "/home/hongyi/FLPoison/main.py", line 397, in <module>
    main(args, cli_args)
  File "/home/hongyi/FLPoison/main.py", line 392, in main
    fl_run(args)
  File "/home/hongyi/FLPoison/main.py", line 148, in fl_run
    omniscient_attack(selected_clients)
  File "/home/hongyi/FLPoison/main.py", line 322, in omniscient_attack
    malicious_updates = omniscient_attackers[0].omniscient(clients)
  File "/home/hongyi/FLPoison/attackers/compass.py", line 124, in omniscient
    prev_global_vec = self.prev_global_vec.clone()
AttributeError: 'NoneType' object has no attribute 'clone'
